[x-tape.ru/index.html]
[backblue.gif]
[fade.gif]
[index.html]
[x-tape.ru/ico/apple-touch-icon-144-precomposed.png]
[x-tape.ru/ico/apple-touch-icon-114-precomposed.png]
[x-tape.ru/ico/apple-touch-icon-72-precomposed.png]
[x-tape.ru/ico/apple-touch-icon-57-precomposed.png]
[x-tape.ru/ico/favicon.png]
[x-tape.ru/theme/js/jquery.js]
[x-tape.ru/test]
[x-tape.ru/assets/components/minifyx/cache/styles_c96bfcd023.min.css]
[x-tape.ru/assets/components/minishop2/css/web/defaultf260.css]
[x-tape.ru/o-kompanii/company.html]
[x-tape.ru/smi/index.html]
[x-tape.ru/catalog/index.html]
[x-tape.ru/o-kompanii/sotrudnichestvo.html]
[x-tape.ru/review.html]
[x-tape.ru/kupit/dostavka.html]
[x-tape.ru/order.html]
[x-tape.ru/assets/images/splash/splash.jpg]
[x-tape.ru/kupit/oplata.html]
[x-tape.ru/assets/images/splash/banner3.jpg]
[x-tape.ru/assets/images/splash/banner2.jpg]
[x-tape.ru/direction/index.html]
[x-tape.ru/theme/images/icons/logo-intro.svg]
[x-tape.ru/theme/images/packaging.png]
[x-tape.ru/theme/images/doctor.png]
[x-tape.ru/theme/images/icons/helper-ico-1.svg]
[x-tape.ru/theme/images/icons/helper-ico-2.svg]
[x-tape.ru/theme/images/icons/helper-ico-3.svg]
[x-tape.ru/theme/images/icons/helper-ico-4.svg]
[x-tape.ru/theme/images/icons/helper-ico-5.svg]
[x-tape.ru/theme/images/icons/helper-ico-6.svg]
[x-tape.ru/assets/images/info/ban1.jpg]
[x-tape.ru/assets/images/info/women_fitness_01.jpg]
[x-tape.ru/assets/images/info/3125553333.jpg]
[x-tape.ru/assets/images/info/ban2.jpg]
[x-tape.ru/theme/images/composition.png]
[x-tape.ru/theme/images/icons/water.svg]
[x-tape.ru/theme/images/icons/gear.svg]
[x-tape.ru/smi/test-kinezio-tejpov-v-programme-zhit-zdorovo-na-1-kanale.html]
[x-tape.ru/assets/images/resources/39/270x235/2016-10-25-00-46-17.jpg]
[x-tape.ru/smi/kineziotejpirovanie-pervyij-kanal-zhit-zdorovo.html]
[x-tape.ru/assets/images/resources/38/270x235/2016-10-25-00-42-04.jpg]
[x-tape.ru/smi/vot-prikleilsya-kinezio-tejping.html]
[x-tape.ru/assets/images/resources/37/270x235/700x605-0xd42ee42a-14399126891432300168.jpg]
[x-tape.ru/assets/components/phpthumbof/cache/weerwerwe.cfb3cb5d5df08f659e381893cb22ae641.png]
[x-tape.ru/assets/components/phpthumbof/cache/category-1.d68fb999bc13e6ed706ba0c710a5b2d51.jpg]
[x-tape.ru/assets/images/gallery/1/130x130/0011.jpg]
[x-tape.ru/assets/images/gallery/1/130x130/img-3.jpg]
[x-tape.ru/assets/images/gallery/1/130x130/original.jpg]
[x-tape.ru/catalog/sale/index.html]
[x-tape.ru/assets/images/gallery/1/130x130/0014.jpg]
[x-tape.ru/assets/images/gallery/1/130x130/0012.jpg]
[x-tape.ru/assets/images/gallery/1/130x130/tumblr-m86ol9bvbt1r1thtao1-1280.jpg]
[x-tape.ru/assets/images/gallery/1/130x130/1a8a4897e8ed98f9dba3112854441f4b.jpg]
[x-tape.ru/assets/images/gallery/1/130x130/2-jpeg.jpg]
[x-tape.ru/assets/images/gallery/1/130x130/479139.jpg]
[x-tape.ru/assets/images/gallery/1/130x130/6-kinezio-tejp-tm-belosnezhka-5sm-5m.jpg]
[x-tape.ru/assets/images/gallery/1/130x130/ukolova-khomjakova-2012.jpg]
[x-tape.ru/assets/images/gallery/1/130x130/130.jpg]
[x-tape.ru/assets/images/gallery/1/130x130/217ef078-a5ea-11e3-8c40-d685998d6e75-f507d86a-a5f5-11e3-8c40-d685998d6e75-700x700.jpg]
[x-tape.ru/assets/images/gallery/1/130x130/0015.jpg]
[x-tape.ru/assets/images/gallery/1/130x130/0013.jpg]
[x-tape.ru/assets/images/gallery/1/130x130/04-pregnancy-900x600.jpg]
[x-tape.ru/assets/images/gallery/1/130x130/1310091-mfull.jpg]
[x-tape.ru/assets/images/gallery/1/130x130/12282907-516413228535698-1388354341-n.jpg]
[x-tape.ru/catalog/tape/index.html]
[x-tape.ru/assets/images/gallery/1/130x130/smi.jpg]
[x-tape.ru/assets/images/gallery/1/130x130/20130313-122345.jpg]
[x-tape.ru/assets/images/gallery/1/130x130/1798616433.jpg]
[x-tape.ru/assets/images/gallery/1/130x130/1343643048421294.jpg]
[x-tape.ru/assets/images/gallery/1/130x130/cq5dam.web-.1280.1280.jpg]
[x-tape.ru/assets/images/gallery/1/130x130/dcp-150x150.jpg]
[x-tape.ru/assets/images/gallery/1/130x130/dsc07216.jpg]
[x-tape.ru/assets/images/gallery/1/130x130/e6a6e732e746b5cb359f10497601faa3.jpg]
[x-tape.ru/assets/images/gallery/1/130x130/fm4.jpg]
[x-tape.ru/assets/images/gallery/1/130x130/img-2580.jpg]
[x-tape.ru/assets/images/gallery/1/130x130/img-20141214-170442.jpg]
[x-tape.ru/assets/images/gallery/1/130x130/kinesiotape-olympic-javelin.jpg]
[x-tape.ru/assets/images/gallery/1/130x130/kinesio-tape2-(1).jpg]
[x-tape.ru/assets/images/gallery/1/130x130/kinezio-teip-koleno.jpg]
[x-tape.ru/assets/images/gallery/1/130x130/kinseio-tape-spg.jpg]
[x-tape.ru/assets/images/gallery/1/130x130/k-taping-academy-schwanger.jpg]
[x-tape.ru/assets/images/gallery/1/130x130/maxresdefault.jpg]
[x-tape.ru/assets/images/gallery/1/130x130/medicaltaping23(1).jpg]
[x-tape.ru/assets/images/gallery/1/130x130/p-0549af63edff1c.f.jpg]
[x-tape.ru/assets/images/gallery/1/130x130/parent-strengthtape-precut-roll-3.jpg]
[x-tape.ru/assets/images/gallery/1/130x130/photo-oct-12-11-24-54-am.jpg]
[x-tape.ru/assets/images/gallery/1/130x130/razryv-sv-kol-4.jpg]
[x-tape.ru/assets/images/gallery/1/130x130/sport3(1).jpg]
[x-tape.ru/assets/images/gallery/1/130x130/study-shows-kinesio-taping-aids-prevention-of-disorders-among-dancers.jpg]
[x-tape.ru/assets/images/gallery/1/130x130/t3s5txcrwpo.jpg]
[x-tape.ru/assets/images/gallery/1/130x130/tejpirovanie-kolena.jpg]
[x-tape.ru/assets/images/gallery/1/130x130/tourofturkey.jpg]
[x-tape.ru/assets/images/gallery/1/130x130/test.jpg]
[x-tape.ru/assets/images/gallery/1/130x130/what-is-kinesiology-tape-main.jpg]
[x-tape.ru/assets/images/gallery/1/130x130/kinezio-tejp-designer-4.jpg]
[x-tape.ru/assets/images/gallery/1/130x130/3hzn.jpg]
[x-tape.ru/assets/images/gallery/1/130x130/img-2.jpg]
[x-tape.ru/assets/images/gallery/1/130x130/photo.jpg]
[x-tape.ru/assets/images/gallery/1/130x130/1280px-bandasneuromusculares1.jpg]
[x-tape.ru/assets/images/gallery/1/130x130/225.jpg]
[x-tape.ru/assets/images/gallery/1/130x130/resources.jpg]
[x-tape.ru/theme/images/icons/photo.svg]
[x-tape.ru/assets/components/minifyx/cache/scripts_bbba7cf5c2.min.js]
[x-tape.ru/assets/components/minishop2/js/web/defaultf260.js]
[x-tape.ru/index.html]
[x-tape.ru/assets/components/ajaxform/js/default.js]
[x-tape.ru/theme/js/jquery.js]
[x-tape.ru/test.html]
[x-tape.ru/theme/fonts/glyphicons-halflings-regular.eot]
[x-tape.ru/theme/fonts/glyphicons-halflings-regulard41d.eot]
[x-tape.ru/theme/fonts/glyphicons-halflings-regular.woff2]
[x-tape.ru/theme/fonts/glyphicons-halflings-regular.woff]
[x-tape.ru/theme/fonts/glyphicons-halflings-regular.ttf]
[x-tape.ru/theme/fonts/glyphicons-halflings-regular.svg]
[x-tape.ru/theme/css/owl.video.play.png]
[x-tape.ru/theme/images/icons/logo-hd.svg]
[x-tape.ru/theme/css/fonts/share-likes.woff]
[x-tape.ru/theme/images/icons/logo-mobile.svg]
[x-tape.ru/theme/images/icons/flag.svg]
[x-tape.ru/theme/images/icons/mail.svg]
[x-tape.ru/theme/images/icons/cart.svg]
[x-tape.ru/theme/images/icons/arrows-blue.svg]
[x-tape.ru/theme/images/icons/controll.svg]
[x-tape.ru/theme/images/helper.jpg]
[x-tape.ru/theme/images/curved.svg]
[x-tape.ru/theme/images/icons/nav.png]
[x-tape.ru/theme/images/icons/stars.svg]
[x-tape.ru/theme/images/icons/color.svg]
[x-tape.ru/theme/images/icons/length.svg]
[x-tape.ru/theme/images/icons/size.svg]
[x-tape.ru/theme/images/icons/count.svg]
[x-tape.ru/theme/images/preloader.gif]
[x-tape.ru/theme/images/icons/delete.svg]
[x-tape.ru/theme/images/request.gif]
[x-tape.ru/theme/images/icons/aside.svg]
[x-tape.ru/theme/images/icons/arrow-left.svg]
[x-tape.ru/theme/images/icons/arrow-right.svg]
[x-tape.ru/theme/images/icons/top.svg]
[x-tape.ru/theme/images/icons/thumbs-up.svg]
[x-tape.ru/assets/components/minifyx/cache/styles_c96bfcd023.min.css]
[x-tape.ru/theme/images/icons/book.svg]
[x-tape.ru/assets/components/minishop2/css/web/defaultf260.css]
[x-tape.ru/assets/components/minishop2/css/web/lib/jquery.jgrowl.css]
[x-tape.ru/assets/components/ajaxform/css/default.css]
[x-tape.ru/assets/components/ms2gallery/css/web/default.css]
[x-tape.ru/assets/components/ajaxform/css/lib/jquery.jgrowl.min.css]
[x-tape.ru/assets/images/other/banner6.png]
[x-tape.ru/assets/images/other/banner3.png]
[x-tape.ru/assets/components/phpthumbof/cache/category-1.d68fb999bc13e6ed706ba0c710a5b2d52.jpg]
[x-tape.ru/assets/components/phpthumbof/cache/weerwerwe.cfb3cb5d5df08f659e381893cb22ae642.png]
[x-tape.ru/catalog/tape/kinezio-tejp-x-tape-bejevij.html]
[x-tape.ru/assets/images/products/4/345x345/biege-tape.jpg]
[x-tape.ru/catalog/sale/kinezio-tejp-x-tape-5-upakovok.html]
[x-tape.ru/assets/images/products/63/345x345/biege-box.jpg]
[x-tape.ru/assets/images/products/60/345x345/biege-box.jpg]
[x-tape.ru/catalog/sale/kinezio-tejp-x-tape-10-upakovok.html]
[x-tape.ru/assets/images/products/65/345x345/01-korobka-bezhevaya.jpg]
[x-tape.ru/catalog/sale/kinezio-tejp-x-tape-15-upakovok.html]
[x-tape.ru/assets/images/products/64/345x345/01-korobka-bezhevaya.jpg]
[x-tape.ru/catalog/sale/kinezio-tejp-x-tape-20-upakovok.html]
[x-tape.ru/assets/images/products/24/345x345/red-tape.jpg]
[x-tape.ru/catalog/tape/kinezio-tejp-x-tape-krasnij.html]
[x-tape.ru/assets/images/products/69/345x345/01-korobka-bezhevaya.jpg]
[x-tape.ru/catalog/sale/kinezio-tejp-x-tape-25-upakovok.html]
[x-tape.ru/assets/images/products/29/345x345/green-tape.jpg]
[x-tape.ru/catalog/tape/kinezio-tejp-x-tape-zelenyij.html]
[x-tape.ru/assets/images/products/70/345x345/01-korobka-bezhevaya.jpg]
[x-tape.ru/catalog/sale/kinezio-tejp-x-tape-50-upakovok.html]
[x-tape.ru/assets/images/products/71/345x345/01-korobka-bezhevaya.jpg]
[x-tape.ru/catalog/sale/kinezio-tejp-x-tape-100-upakovok.html]
[x-tape.ru/assets/images/products/40/345x345/darkblue-tape.jpg]
[x-tape.ru/catalog/tape/kinezio-tejp-x-tape-sinij.html]
[x-tape.ru/assets/images/products/41/345x345/orange-tape.jpg]
[x-tape.ru/catalog/tape/kinezio-tejp-x-tape-oranzhevyij.html]
[x-tape.ru/catalog/tape/kinezio-tejp-x-tape-chernyij.html]
[x-tape.ru/assets/images/products/42/345x345/black-tape.jpg]
[x-tape.ru/assets/images/products/43/345x345/violet-tape.jpg]
[x-tape.ru/catalog/tape/kinezio-tejp-x-tape-fioletovyij.html]
[x-tape.ru/assets/images/products/45/345x345/yellow-tape.jpg]
[x-tape.ru/catalog/tape/kinezio-tejp-x-tape-zheltyij.html]
[x-tape.ru/assets/images/products/44/345x345/blue-tape.jpg]
[x-tape.ru/catalog/tape/kinezio-tejp-x-tape-goluboj.html]
[x-tape.ru/catalog/index.html]
[x-tape.ru/assets/images/products/46/345x345/rose-tape.jpg]
[x-tape.ru/catalog/tape/kinezio-tejp-x-tape-rozovyij.html]
[x-tape.ru/assets/images/promo/smi.png]
[x-tape.ru/assets/images/resources/39/215x175/2016-10-25-00-46-17.jpg]
[x-tape.ru/assets/images/resources/38/215x175/2016-10-25-00-42-04.jpg]
[x-tape.ru/smi/index.html]
[x-tape.ru/assets/images/resources/37/215x175/700x605-0xd42ee42a-14399126891432300168.jpg]
[x-tape.ru/assets/images/promo/produce.png]
[x-tape.ru/assets/images/other/img002.png]
[x-tape.ru/assets/images/other/img001.png]
[x-tape.ru/assets/images/other/img003.png]
[x-tape.ru/assets/components/phpthumbof/cache/weerwerwe.cfb3cb5d5df08f659e381893cb22ae6414.png]
[x-tape.ru/o-kompanii/company.html]
[x-tape.ru/assets/components/phpthumbof/cache/category-1.d68fb999bc13e6ed706ba0c710a5b2d514.jpg]
[x-tape.ru/assets/images/promo/sklad.png]
[x-tape.ru/assets/components/phpthumbof/cache/weerwerwe.cfb3cb5d5df08f659e381893cb22ae6462.png]
[x-tape.ru/o-kompanii/sotrudnichestvo.html]
[x-tape.ru/assets/components/phpthumbof/cache/category-1.d68fb999bc13e6ed706ba0c710a5b2d562.jpg]
[x-tape.ru/assets/images/promo/otzov.png]
[x-tape.ru/assets/images/reviews/ag.png]
[x-tape.ru/assets/images/reviews/al.png]
[x-tape.ru/assets/images/reviews/2.png]
[x-tape.ru/assets/images/reviews/5.png]
[x-tape.ru/assets/images/reviews/1.png]
[x-tape.ru/assets/images/reviews/6.png]
[x-tape.ru/assets/components/phpthumbof/cache/weerwerwe.cfb3cb5d5df08f659e381893cb22ae647.png]
[x-tape.ru/review.html]
[x-tape.ru/assets/components/phpthumbof/cache/category-1.d68fb999bc13e6ed706ba0c710a5b2d57.jpg]
[x-tape.ru/assets/images/promo/dostavka.png]
[x-tape.ru/assets/components/phpthumbof/cache/weerwerwe.cfb3cb5d5df08f659e381893cb22ae6415.png]
[x-tape.ru/kupit/dostavka.html]
[x-tape.ru/assets/components/phpthumbof/cache/category-1.d68fb999bc13e6ed706ba0c710a5b2d515.jpg]
[x-tape.ru/assets/images/other/oplata/yandexmoney.png]
[x-tape.ru/assets/components/phpthumbof/cache/weerwerwe.cfb3cb5d5df08f659e381893cb22ae6416.png]
[x-tape.ru/assets/components/phpthumbof/cache/category-1.d68fb999bc13e6ed706ba0c710a5b2d516.jpg]
[x-tape.ru/kupit/oplata.html]
[x-tape.ru/assets/images/promo/instruction.png]
[x-tape.ru/direction/rastyazhenie-svyazok-lodyizhki.html]
[x-tape.ru/direction/myishczyi-plecha.html]
[x-tape.ru/direction/fiksacziya-kolena.html]
[x-tape.ru/direction/ikronozhnaya-myishcza.html]
[x-tape.ru/direction/bol-v-shee.html]
[x-tape.ru/direction/poyasnicza.html]
[x-tape.ru/direction/loktevoj-sustav.html]
[x-tape.ru/direction/vrashhatelnyij-plechevoj-sustav.html]
[x-tape.ru/direction/chetyirexglavaya-myishcza-perednyaya-storona-bedra.html]
[x-tape.ru/direction/kak-eto-rabotaet.html]
[x-tape.ru/direction/kak-nakleit-tejp-x-tape.html]
[x-tape.ru/direction/proisxozhdenie-kinezio-tejpa.html]
[x-tape.ru/direction/kinezio-tejp-x-tape-ot-morshhin.html]
[x-tape.ru/direction/primenenie-kinezio-tejpov-x-tape-dlya-korrekczii-osanki.html]
[x-tape.ru/direction/primenenie-tejpov-x-tape-pri-varikoze.html]
[x-tape.ru/direction/primenenie-kinezio-tejpov-x-tape-dlya-detej.html]
[x-tape.ru/direction/sportivnyij-kinezio-tejp-x-tape.html]
[x-tape.ru/direction/primenenie-kinezio-–-tejpa-x-tape-dlya-pozvonochnika.html]
[x-tape.ru/direction/tejpyi-x-tape-pri-rastyazheniyax-golenostopa.html]
[x-tape.ru/direction/razlichie-x-tape-tejpov-po-czvetam.html]
[x-tape.ru/direction/kak-nakladyivat-tejpyi-x-tape.html]
[x-tape.ru/direction/kak-rabotayut-tejpyi-x-tape.html]
[x-tape.ru/direction/protivopokazaniya.html]
[x-tape.ru/assets/images/direction/icons/vortex.png]
[x-tape.ru/assets/images/direction/icons/heel.png]
[x-tape.ru/assets/images/direction/2-ahilovo/9kцц=.jpg]
[x-tape.ru/assets/images/direction/2-ahilovo/knee-step1.jpg]
[x-tape.ru/assets/images/direction/2-ahilovo/9k=.jpg]
[x-tape.ru/assets/images/direction/2-ahilovo/Z.jpg]
[x-tape.ru/assets/components/phpthumbof/cache/weerwerwe.cfb3cb5d5df08f659e381893cb22ae649.png]
[x-tape.ru/assets/components/phpthumbof/cache/category-1.d68fb999bc13e6ed706ba0c710a5b2d59.jpg]
[x-tape.ru/direction/index.html]
[x-tape.ru/assets/images/promo/banner_forma.png]
[x-tape.ru/assets/components/phpthumbof/cache/weerwerwe.cfb3cb5d5df08f659e381893cb22ae648.png]
[x-tape.ru/order.html]
[x-tape.ru/assets/components/phpthumbof/cache/category-1.d68fb999bc13e6ed706ba0c710a5b2d58.jpg]
[x-tape.ru/theme/images/icons/logo-intro.svg]
[x-tape.ru/theme/images/shape-top.svg]
[x-tape.ru/theme/images/icons/helper-ico-1.svg]
[x-tape.ru/theme/images/icons/helper-ico-2.svg]
[x-tape.ru/theme/images/icons/helper-ico-3.svg]
[x-tape.ru/theme/images/icons/helper-ico-4.svg]
[x-tape.ru/theme/images/icons/helper-ico-5.svg]
[x-tape.ru/theme/images/icons/helper-ico-6.svg]
[x-tape.ru/theme/images/icons/water.svg]
[x-tape.ru/theme/images/icons/gear.svg]
[x-tape.ru/smi/test-kinezio-tejpov-v-programme-zhit-zdorovo-na-1-kanale.html]
[x-tape.ru/smi/kineziotejpirovanie-pervyij-kanal-zhit-zdorovo.html]
[x-tape.ru/assets/images/other/Вот приклеился_ кинезио-тейпинг/690x262_0xd42ee42a_7415797441432299274.jpg]
[x-tape.ru/assets/images/other/Вот приклеился_ кинезио-тейпинг/700x868_0xd42ee42a_12607380411432299103.jpg]
[x-tape.ru/assets/images/other/Вот приклеился_ кинезио-тейпинг/940x605_1_dcc8c658636468a4be9c862ce18bba7c@1402x902_0xd42ee42a_14939796811432299809.jpg]
[x-tape.ru/assets/images/other/Вот приклеился_ кинезио-тейпинг/700x615_0xd42ee42a_15642193811432300168.jpg]
[x-tape.ru/smi/vot-prikleilsya-kinezio-tejping.html]
[x-tape.ru/catalog/sale/index.html]
[x-tape.ru/catalog/tape/index.html]
[x-tape.ru/theme/images/shape-bottom.svg]
[x-tape.ru/theme/images/icons/photo.svg]
[x-tape.ru/Popover requires tooltip.fa.delayed]
[x-tape.ru/assets/components/minifyx/cache/scripts_bbba7cf5c2.min.js]
[x-tape.ru/assets/components/minishop2/js/web/defaultf260.js]
[x-tape.ru/assets/components/ajaxform/js/default.js]
[x-tape.ru/assets/components/ms2gallery/js/web/default.js]
[x-tape.ru/theme/fonts/glyphicons-halflings-regular.html]
[x-tape.ru/theme/fonts/glyphicons-halflings-regulard41d.html]
[x-tape.ru/theme/fonts/glyphicons-halflings-regular-2.html]
[x-tape.ru/theme/fonts/glyphicons-halflings-regular-3.html]
[x-tape.ru/theme/fonts/glyphicons-halflings-regular-4.html]
[x-tape.ru/theme/fonts/glyphicons-halflings-regular-5.html]
[x-tape.ru/theme/css/owl.video.play.html]
[x-tape.ru/theme/images/icons/minus.svg]
[x-tape.ru/theme/images/icons/plus.svg]
[x-tape.ru/theme/images/icons/logo-hd.svg]
[x-tape.ru/theme/images/icons/logo-mobile.svg]
[x-tape.ru/theme/images/icons/flag.svg]
[x-tape.ru/theme/images/icons/mail.svg]
[x-tape.ru/theme/images/icons/arrows.svg]
[x-tape.ru/theme/images/icons/menu.svg]
[x-tape.ru/theme/images/icons/cart.svg]
[x-tape.ru/theme/images/icons/arrows-blue.svg]
[x-tape.ru/theme/images/icons/controll.svg]
[x-tape.ru/theme/images/curved.svg]
[x-tape.ru/theme/images/icons/eye.svg]
[x-tape.ru/theme/images/icons/stars.svg]
[x-tape.ru/theme/images/icons/color.svg]
[x-tape.ru/theme/images/icons/length.svg]
[x-tape.ru/theme/images/icons/size.svg]
[x-tape.ru/theme/images/icons/count.svg]
[x-tape.ru/theme/images/icons/delete.svg]
[x-tape.ru/theme/images/icons/corner.svg]
[x-tape.ru/theme/images/icons/aside.svg]
[x-tape.ru/theme/images/icons/arrow-left.svg]
[x-tape.ru/theme/images/icons/arrow-right.svg]
[x-tape.ru/theme/images/icons/top.svg]
[x-tape.ru/theme/images/icons/thumbs-up.svg]
[x-tape.ru/theme/images/icons/book.svg]
[x-tape.ru/assets/components/minishop2/css/web/lib/jquery.jgrowl.css]
[x-tape.ru/assets/components/ajaxform/css/lib/jquery.jgrowl.min.css]
[x-tape.ru/assets/images/products/4/90x90/biege-tape.jpg]
[x-tape.ru/assets/images/products/4/90x90/biege-roll.jpg]
[x-tape.ru/assets/images/products/4/90x90/biege-box.jpg]
[x-tape.ru/assets/images/products/4/90x90/back.jpg]
[x-tape.ru/assets/images/products/4/biege-tape.jpg]
[x-tape.ru/catalog/tape/kinezio-tejp-x-tape-bejevij.html]
[x-tape.ru/assets/images/other/banner4.png]
[x-tape.ru/assets/images/products/63/90x90/biege-box.jpg]
[x-tape.ru/assets/images/products/63/90x90/back.jpg]
[x-tape.ru/assets/images/products/63/biege-box.jpg]
[x-tape.ru/catalog/sale/kinezio-tejp-x-tape-5-upakovok.html]
[x-tape.ru/assets/images/products/60/90x90/biege-box.jpg]
[x-tape.ru/assets/images/products/60/90x90/back.jpg]
[x-tape.ru/catalog/sale/kinezio-tejp-x-tape-10-upakovok.html]
[x-tape.ru/assets/images/products/60/biege-box.jpg]
[x-tape.ru/assets/images/products/65/90x90/01-korobka-bezhevaya.jpg]
[x-tape.ru/assets/images/products/65/90x90/zadnyaya-storona.jpg]
[x-tape.ru/catalog/sale/kinezio-tejp-x-tape-15-upakovok.html]
[x-tape.ru/assets/images/products/65/01-korobka-bezhevaya.jpg]
[x-tape.ru/assets/images/products/64/90x90/01-korobka-bezhevaya.jpg]
[x-tape.ru/assets/images/products/64/90x90/zadnyaya-storona.jpg]
[x-tape.ru/assets/images/products/64/01-korobka-bezhevaya.jpg]
[x-tape.ru/catalog/sale/kinezio-tejp-x-tape-20-upakovok.html]
[x-tape.ru/assets/images/products/24/90x90/red-tape.jpg]
[x-tape.ru/assets/images/products/24/90x90/red-roll.jpg]
[x-tape.ru/assets/images/products/24/90x90/red-box.jpg]
[x-tape.ru/assets/images/products/24/90x90/back.jpg]
[x-tape.ru/catalog/tape/kinezio-tejp-x-tape-krasnij.html]
[x-tape.ru/assets/images/products/24/red-tape.jpg]
[x-tape.ru/assets/images/products/69/90x90/01-korobka-bezhevaya.jpg]
[x-tape.ru/assets/images/products/69/90x90/zadnyaya-storona.jpg]
[x-tape.ru/assets/images/products/69/01-korobka-bezhevaya.jpg]
[x-tape.ru/catalog/sale/kinezio-tejp-x-tape-25-upakovok.html]
[x-tape.ru/assets/images/products/29/90x90/green-tape.jpg]
[x-tape.ru/assets/images/products/29/90x90/green-roll.jpg]
[x-tape.ru/assets/images/products/29/90x90/green-box.jpg]
[x-tape.ru/assets/images/products/29/90x90/back.jpg]
[x-tape.ru/assets/images/products/29/green-tape.jpg]
[x-tape.ru/catalog/tape/kinezio-tejp-x-tape-zelenyij.html]
[x-tape.ru/assets/images/products/70/90x90/01-korobka-bezhevaya.jpg]
[x-tape.ru/assets/images/products/70/90x90/zadnyaya-storona.jpg]
[x-tape.ru/catalog/sale/kinezio-tejp-x-tape-50-upakovok.html]
[x-tape.ru/assets/images/products/70/01-korobka-bezhevaya.jpg]
[x-tape.ru/assets/images/products/71/90x90/01-korobka-bezhevaya.jpg]
[x-tape.ru/assets/images/products/71/90x90/zadnyaya-storona.jpg]
[x-tape.ru/catalog/sale/kinezio-tejp-x-tape-100-upakovok.html]
[x-tape.ru/assets/images/products/71/01-korobka-bezhevaya.jpg]
[x-tape.ru/assets/images/products/40/90x90/darkblue-tape.jpg]
[x-tape.ru/assets/images/products/40/90x90/darkblue-roll.jpg]
[x-tape.ru/assets/images/products/40/90x90/darkblue-box.jpg]
[x-tape.ru/assets/images/products/40/90x90/back.jpg]
[x-tape.ru/catalog/tape/kinezio-tejp-x-tape-sinij.html]
[x-tape.ru/assets/images/products/40/darkblue-tape.jpg]
[x-tape.ru/assets/images/products/41/90x90/orange-tape.jpg]
[x-tape.ru/assets/images/products/41/90x90/orange-roll.jpg]
[x-tape.ru/assets/images/products/41/90x90/orange-box.jpg]
[x-tape.ru/assets/images/products/41/90x90/back.jpg]
[x-tape.ru/catalog/tape/kinezio-tejp-x-tape-oranzhevyij.html]
[x-tape.ru/assets/images/products/41/orange-tape.jpg]
[x-tape.ru/assets/images/products/42/90x90/black-tape.jpg]
[x-tape.ru/assets/images/products/42/90x90/black-roll.jpg]
[x-tape.ru/assets/images/products/42/90x90/black-box.jpg]
[x-tape.ru/assets/images/products/42/90x90/back.jpg]
[x-tape.ru/catalog/tape/kinezio-tejp-x-tape-chernyij.html]
[x-tape.ru/assets/images/products/42/black-tape.jpg]
[x-tape.ru/assets/images/products/43/90x90/violet-tape.jpg]
[x-tape.ru/assets/images/products/43/90x90/violet-roll.jpg]
[x-tape.ru/assets/images/products/43/90x90/violet-box.jpg]
[x-tape.ru/assets/images/products/43/90x90/back.jpg]
[x-tape.ru/assets/images/products/43/violet-tape.jpg]
[x-tape.ru/catalog/tape/kinezio-tejp-x-tape-fioletovyij.html]
[x-tape.ru/assets/images/products/45/90x90/yellow-tape.jpg]
[x-tape.ru/assets/images/products/45/90x90/yellow-roll.jpg]
[x-tape.ru/assets/images/products/45/90x90/yellow-box.jpg]
[x-tape.ru/assets/images/products/45/90x90/back.jpg]
[x-tape.ru/assets/images/products/45/yellow-tape.jpg]
[x-tape.ru/catalog/tape/kinezio-tejp-x-tape-zheltyij.html]
[x-tape.ru/assets/images/products/44/90x90/blue-tape.jpg]
[x-tape.ru/assets/images/products/44/90x90/blue-roll.jpg]
[x-tape.ru/assets/images/products/44/90x90/blue-box.jpg]
[x-tape.ru/assets/images/products/44/90x90/back.jpg]
[x-tape.ru/catalog/tape/kinezio-tejp-x-tape-goluboj.html]
[x-tape.ru/assets/images/products/44/blue-tape.jpg]
[x-tape.ru/assets/images/products/46/90x90/rose-tape.jpg]
[x-tape.ru/assets/images/products/46/90x90/rose-roll.jpg]
[x-tape.ru/assets/images/products/46/90x90/rose-box.jpg]
[x-tape.ru/assets/images/products/46/90x90/back.jpg]
[x-tape.ru/catalog/tape/kinezio-tejp-x-tape-rozovyij.html]
[x-tape.ru/assets/images/products/46/rose-tape.jpg]
[x-tape.ru/assets/images/direction/ankle-step21.jpg]
[x-tape.ru/assets/images/direction/ankle-step22.jpg]
[x-tape.ru/assets/images/direction/ankle-step23.jpg]
[x-tape.ru/assets/images/direction/ankle-step24.jpg]
[x-tape.ru/assets/components/phpthumbof/cache/weerwerwe.cfb3cb5d5df08f659e381893cb22ae6410.png]
[x-tape.ru/direction/rastyazhenie-svyazok-lodyizhki.html]
[x-tape.ru/assets/components/phpthumbof/cache/category-1.d68fb999bc13e6ed706ba0c710a5b2d510.jpg]
[x-tape.ru/assets/images/direction/icons/mplecha.png]
[x-tape.ru/assets/images/direction/3-mplecha/shoulder-step1.jpg]
[x-tape.ru/assets/images/direction/3-mplecha/shoulder-step2.jpg]
[x-tape.ru/assets/images/direction/3-mplecha/shoulder-step3.jpg]
[x-tape.ru/assets/images/direction/3-mplecha/shoulder-step4.jpg]
[x-tape.ru/assets/components/phpthumbof/cache/weerwerwe.cfb3cb5d5df08f659e381893cb22ae6411.png]
[x-tape.ru/direction/myishczyi-plecha.html]
[x-tape.ru/assets/components/phpthumbof/cache/category-1.d68fb999bc13e6ed706ba0c710a5b2d511.jpg]
[x-tape.ru/assets/images/direction/icons/koleno.png]
[x-tape.ru/assets/images/direction/4-fkoleno/knee-step1.jpg]
[x-tape.ru/assets/images/direction/4-fkoleno/knee-step2.jpg]
[x-tape.ru/assets/images/direction/4-fkoleno/knee-step3.jpg]
[x-tape.ru/assets/images/direction/4-fkoleno/knee-step4.jpg]
[x-tape.ru/assets/components/phpthumbof/cache/weerwerwe.cfb3cb5d5df08f659e381893cb22ae6412.png]
[x-tape.ru/direction/fiksacziya-kolena.html]
[x-tape.ru/assets/components/phpthumbof/cache/category-1.d68fb999bc13e6ed706ba0c710a5b2d512.jpg]
[x-tape.ru/assets/images/direction/icons/ico-51.png]
[x-tape.ru/assets/images/direction/5-ikra/calf-step1.jpg]
[x-tape.ru/assets/images/direction/5-ikra/calf-step2.jpg]
[x-tape.ru/assets/images/direction/5-ikra/calf-step3.jpg]
[x-tape.ru/assets/images/direction/5-ikra/calf-step4.jpg]
[x-tape.ru/assets/components/phpthumbof/cache/weerwerwe.cfb3cb5d5df08f659e381893cb22ae6430.png]
[x-tape.ru/direction/ikronozhnaya-myishcza.html]
[x-tape.ru/assets/components/phpthumbof/cache/category-1.d68fb999bc13e6ed706ba0c710a5b2d530.jpg]
[x-tape.ru/assets/images/direction/icons/ico-52.png]
[x-tape.ru/assets/images/direction/6-lokot/elbow-step1.jpg]
[x-tape.ru/assets/images/direction/6-lokot/elbow-step2.jpg]
[x-tape.ru/assets/images/direction/6-lokot/elbow-step4.jpg]
[x-tape.ru/assets/components/phpthumbof/cache/weerwerwe.cfb3cb5d5df08f659e381893cb22ae6432.png]
[x-tape.ru/direction/bol-v-shee.html]
[x-tape.ru/assets/components/phpthumbof/cache/category-1.d68fb999bc13e6ed706ba0c710a5b2d532.jpg]
[x-tape.ru/assets/images/direction/icons/ico-53.png]
[x-tape.ru/assets/images/direction/10-poyasnica/lower-back-step1.jpg]
[x-tape.ru/assets/images/direction/10-poyasnica/lower-back-step2.jpg]
[x-tape.ru/assets/images/direction/10-poyasnica/lower-back-step3.jpg]
[x-tape.ru/assets/images/direction/10-poyasnica/lower-back-step4.jpg]
[x-tape.ru/assets/components/phpthumbof/cache/weerwerwe.cfb3cb5d5df08f659e381893cb22ae6435.png]
[x-tape.ru/direction/poyasnicza.html]
[x-tape.ru/assets/components/phpthumbof/cache/category-1.d68fb999bc13e6ed706ba0c710a5b2d535.jpg]
[x-tape.ru/assets/images/direction/7-bolshee/neck-step1.jpg]
[x-tape.ru/assets/images/direction/7-bolshee/neck-step2.jpg]
[x-tape.ru/assets/images/direction/7-bolshee/neck-step3.jpg]
[x-tape.ru/assets/images/direction/7-bolshee/neck-step4.jpg]
[x-tape.ru/assets/components/phpthumbof/cache/weerwerwe.cfb3cb5d5df08f659e381893cb22ae6431.png]
[x-tape.ru/assets/components/phpthumbof/cache/category-1.d68fb999bc13e6ed706ba0c710a5b2d531.jpg]
[x-tape.ru/direction/loktevoj-sustav.html]
[x-tape.ru/assets/images/direction/8-vraschatsustav/ac-joint-step1.jpg]
[x-tape.ru/assets/images/direction/8-vraschatsustav/ac-joint-step2.jpg]
[x-tape.ru/assets/images/direction/8-vraschatsustav/ac-joint-step3.jpg]
[x-tape.ru/assets/images/direction/8-vraschatsustav/ac-joint-step4.jpg]
[x-tape.ru/assets/components/phpthumbof/cache/weerwerwe.cfb3cb5d5df08f659e381893cb22ae6433.png]
[x-tape.ru/direction/vrashhatelnyij-plechevoj-sustav.html]
[x-tape.ru/assets/components/phpthumbof/cache/category-1.d68fb999bc13e6ed706ba0c710a5b2d533.jpg]
[x-tape.ru/assets/images/direction/9-chetirehglavaya/quad-step1.jpg]
[x-tape.ru/assets/images/direction/9-chetirehglavaya/quad-step2.jpg]
[x-tape.ru/assets/images/direction/9-chetirehglavaya/quad-step3.jpg]
[x-tape.ru/assets/images/direction/9-chetirehglavaya/quad-step4.jpg]
[x-tape.ru/assets/components/phpthumbof/cache/weerwerwe.cfb3cb5d5df08f659e381893cb22ae6434.png]
[x-tape.ru/direction/chetyirexglavaya-myishcza-perednyaya-storona-bedra.html]
[x-tape.ru/assets/components/phpthumbof/cache/category-1.d68fb999bc13e6ed706ba0c710a5b2d534.jpg]
[x-tape.ru/assets/images/other/Рисунок1.png]
[x-tape.ru/assets/images/other/Рисунок2.png]
[x-tape.ru/assets/components/phpthumbof/cache/weerwerwe.cfb3cb5d5df08f659e381893cb22ae6436.png]
[x-tape.ru/direction/kak-eto-rabotaet.html]
[x-tape.ru/assets/components/phpthumbof/cache/category-1.d68fb999bc13e6ed706ba0c710a5b2d536.jpg]
[x-tape.ru/assets/images/other/teypirovanie5.jpg]
[x-tape.ru/assets/components/phpthumbof/cache/weerwerwe.cfb3cb5d5df08f659e381893cb22ae6472.png]
[x-tape.ru/assets/components/phpthumbof/cache/category-1.d68fb999bc13e6ed706ba0c710a5b2d572.jpg]
[x-tape.ru/direction/kak-nakleit-tejp-x-tape.html]
[x-tape.ru/direction/proisxozhdenie-kinezio-tejpa.html]
[x-tape.ru/direction/kinezio-tejp-x-tape-ot-morshhin.html]
[x-tape.ru/direction/primenenie-kinezio-tejpov-x-tape-dlya-korrekczii-osanki.html]
[x-tape.ru/direction/primenenie-tejpov-x-tape-pri-varikoze.html]
[x-tape.ru/direction/primenenie-kinezio-tejpov-x-tape-dlya-detej.html]
[x-tape.ru/direction/sportivnyij-kinezio-tejp-x-tape.html]
[x-tape.ru/direction/primenenie-kinezio-–-tejpa-x-tape-dlya-pozvonochnika.html]
[x-tape.ru/direction/tejpyi-x-tape-pri-rastyazheniyax-golenostopa.html]
[x-tape.ru/direction/razlichie-x-tape-tejpov-po-czvetam.html]
[x-tape.ru/direction/kak-nakladyivat-tejpyi-x-tape.html]
[x-tape.ru/direction/kak-rabotayut-tejpyi-x-tape.html]
[x-tape.ru/direction/protivopokazaniya.html]
[x-tape.ru/Popover requires tooltip.html]
